
<h1>Moved 1.0beta4</h1>
<div>
    <h2>System check</h2>
    <p class="xh_success">Checking that the PHP version is at least 7.1.0 … okay</p>
    <p class="xh_success">Checking that the CMSimple_XH version is at least 1.7.0 … okay</p>
    <p class="xh_success">Checking that './css/' is writable … okay</p>
    <p class="xh_success">Checking that './languages/' is writable … okay</p>
</div>
