<p class="xh_fail">Cannot save “./moved.csv”</p>
<div class="moved_main">
  <h1>Moved</h1>
  <form action="/?&moved&admin=plugin_main&action=plugin_textsave" method="post">
        <p>
      <textarea class="plugintextarea" name="plugin_text" cols="80" rows="25">foo=bar
baz=qux</textarea>
    </p>
    <p>
      <button>Save</button>
    </p>
  </form>
</div>
