
<p>Sorry. The page &quot;some-url&quot; you're looking for does not exist.</p>
