
<p>Sorry. The page &quot;some-url&quot; you're looking for has been removed.</p>
